Reading pref.tcl

# 2020.1

# vsim -c -onfinish stop -t 1ps -sv_seed 20260929 -voptargs="+acc" -wlf waves/tb_voxel_accumulator.wlf work.tb_voxel_accumulator "+VECTORS=/home/sanat/projects/github_RF-Mapping-with-Drone-Swarm/RF-Mapping-with-Drone-Swarm-/FPGA/modelsim/logs/shared.vec" "+SEED=20260929" "+RANDOM_STALLS" -do "simulate_no_waves.do"
# Start time: 10:55:56 on Oct 06,2026
# Loading sv_std.std
# Loading work.tb_voxel_accumulator
# Loading work.accumulator_case
# Loading work.voxel_accumulator_wrapper
# Loading work.voxel_accumulator
# do simulate_no_waves.do
# PASS MAX=1 COUNT=3: received=1543 aborted=2 rejected=1512 overflow=1421 stalled=525
# PASS MAX=5 COUNT=3: received=1547 aborted=2 rejected=1488 overflow=1397 stalled=525
# PASS MAX=1024 COUNT=32: received=2552 aborted=2 rejected=90 overflow=0 stalled=525
# PASS: all accumulator configurations
# ** Note: $finish    : ../tb/tb_voxel_accumulator.sv(259)
#    Time: 56720 ns  Iteration: 2  Instance: /tb_voxel_accumulator
# Break in Module tb_voxel_accumulator at ../tb/tb_voxel_accumulator.sv line 259
# Stopped at ../tb/tb_voxel_accumulator.sv line 259
# End time: 10:55:57 on Oct 06,2026, Elapsed time: 0:00:01
# Errors: 0, Warnings: 0
